---
source: tests/test_integration.rs
expression: e.to_json_value()
---
{
  "__type": "com.amazonaws.dynamodb.v20120810#ResourceNotFoundException",
  "message": "Requested resource not found: Table: non-existent-table not found"
}
